150
2
5 10
44
22 2 27 42 8 12 19 18 37 11 36 1 43 21 10 39 35 38 14 9 4 41 7 28 5 13 30 26 29 6 33 34 17 3 16 20 31 24 25 23 40 15 44 0 0 0 32 0 0 0
25
10 5 11 25 23 3 19 24 6 13 20 16 9 1 4 7 21 15 8 18 14 17 2 22 12 0 0 0
27
27 17 14 15 19 2 23 11 13 1 26 10 9 21 18 22 12 20 7 6 4 8 25 16 5 24 3
10
3 2 10 4 7 8 5 9 6 1 0 0 0 0 0 0 0 0 0 0 0 0 0 0
14
14 9 1 7 5 10 11 8 12 13 3 2 6 0 4 0 0 0 0 0 0 0 0 0 0 0 0 0 0 0 0 0 0 0
5
3 4 1 0 5 2 0 0 0 0 0 0 0 0 0 0 0 0 0 0 0 0 0 0 0 0 0 0 0 0 0 0 0 0 0 0 0 0 0 0 0 0 0 0 0 0 0
3
3 1 2 0 0 0 0 0 0 0 0 0 0 0 0 0 0 0 0 0 0 0 0 0 0 0 0 0 0 0 0 0 0 0 0 0 0 0 0 0 0 0 0
29
18 8 6 4 17 2 19 10 11 26 7 9 27 21 29 28 13 15 1 12 5 16 24 22 3 23 20 25 14 0 0 0 0 0 0 0 0 0 0 0 0 0
7
6 3 2 4 0 1 5 7 0 0 0 0 0 0 0 0 0 0 0 0 0 0 0 0 0 0 0 0 0 0 0 0 0 0 0 0 0 0 0 0 0 0 0 0 0 0 0 0
17
5 2 3 10 8 11 6 7 14 16 9 1 12 13 15 4 17 0 0 0 0 0 0 0 0 0 0 0 0 0 0 0 0 0 0 0 0 0 0 0 0 0
13
2 7 12 11 26 27 20 14 15 32 29 17 18
10
1 2 10 9 5 3 6 7 4 8 0 0 0 0 0 0 0 0 0 0 0 0 0 0 0 0 0 0
14
28 30 19 14 4 15 9 6 34 25 1 3 32 5
24
25 1 38 33 9 40 29 32 17 14 4 30 5 7 2 15 22 31 24 27 19 6 34 12
18
22 4 12 16 11 17 20 5 23 2 21 15 25 29 27 7 3 6
21
5 9 28 6 27 3 32 1 16 7 18 8 29 30 13 22 2 20 36 12 19
20
6 13 1 2 12 3 20 5 10 9 14 19 17 4 7 15 18 11 0 0 8 16 0 0 0 0 0 0 0 0 0 0 0 0 0 0 0 0 0 0 0 0 0 0 0 0 0 0
8
3 6 1 5 0 4 8 7 0 2 0 0 0 0 0 0 0 0 0 0 0 0 0 0 0 0 0 0 0 0 0 0 0 0 0 0 0 0 0 0 0 0 0 0 0 0 0
4
5 4 20 19
30
19 15 2 11 7 30 17 3 27 21 4 13 23 6 24 25 8 18 20 5 22 12 10 16 28 14 9 29 1 26 0 0 0 0 0 0 0 0 0
23
2 10 1 7 22 8 9 11 20 13 3 24 23 21 14 4 12 17 25 26 16 5 15
26
6 20 4 14 35 5 32 40 18 38 3 13 17 33 2 8 25 36 7 37 9 23 27 28 11 1
14
24 9 4 12 11 8 22 3 27 21 10 29 17 7
12
4 6 35 12 41 38 40 45 7 21 30 32
11
5 11 10 3 6 4 7 9 1 2 8 0 0 0 0 0 0 0 0 0
44
16 38 19 41 5 17 34 33 9 2 26 29 8 3 13 1 14 15 22 20 21 12 36 40 27 32 24 10 31 39 44 35 11 4 37 25 30 18 28 7 23 6 43 42 0 0 0 0
20
17 18 9 2 20 6 13 11 8 12 19 3 1 10 14 15 4 7 16 0 5 0 0 0 0 0 0 0 0 0 0 0 0 0 0 0 0 0 0 0 0 0 0 0 0 0 0
10
4 8 6 12 7 1 5 10 2 3
30
18 7 23 20 11 13 17 22 24 14 25 2 19 12 8 26 10 5 16 9 3 27 29 15 1 4 6 21 30 28 0 0
14
7 12 4 10 15 1 3 9 2 8 13 11 5 14
7
36 6 4 14 23 27 20
7
16 2 4 3 13 5 12
20
20 18 23 2 11 4 14 35 9 36 12 37 5 6 25 24 10 15 26 33
19
36 34 51 33 35 18 44 17 13 6 22 47 25 30 8 31 7 15 14
4
3 8 1 24
12
8 11 13 10 4 1 2 9 5 3 6 12
35
7 4 28 8 19 9 35 5 31 2 13 16 6 26 3 14 20 12 15 23 24 29 27 34 1 22 30 21 17 32 11 10 18 25 33 0
26
28 8 17 25 10 11 4 1 15 6 2 23 16 22 21 5 26 18 20 24 7 19 27 3 14 9
24
20 1 19 17 5 13 9 21 4 29 3 27 25 30 6 8 2 7 12 11 14 16 10 24
30
2 20 10 5 13 25 22 15 27 14 1 7 9 28 19 12 23 31 11 32 24 17 8 30 16 26 29 6 4 3
11
2 4 3 5 7 16 11 9 12 13 15
7
3 2 4 8 1 5 10
25
5 17 11 4 22 18 3 2 9 24 21 12 20 1 8 13 6 14 10 15 16 7 23 25 19 0 0 0 0 0 0 0 0 0
12
12 10 9 4 7 1 11 2 6 3 5 8 0 0 0 0 0 0 0 0 0 0 0 0 0 0 0 0 0 0 0 0 0 0 0 0 0 0 0 0 0
19
10 24 14 1 2 3 19 22 23 17 16 5 11 21 18 6 4 7 9
2
5 2
5
1 4 3 2 0 5 0 0 0 0 0 0 0 0 0 0 0 0 0 0 0 0 0 0 0 0 0 0
9
31 12 33 27 14 32 19 11 3
25
2 11 7 9 12 13 10 19 14 23 5 1 20 8 15 24 4 16 3 17 21 22 6 25 18 0 0 0 0 0 0 0 0 0 0 0 0 0 0 0 0 0 0 0 0
14
5 7 6 12 3 4 10 13 14 2 11 1 0 9 8 0 0 0 0 0 0 0 0 0 0 0 0 0 0 0 0 0 0 0 0 0 0 0 0 0 0 0 0
34
2 31 27 9 5 3 22 20 24 34 1 25 6 21 16 12 11 18 13 15 26 29 7 23 32 8 4 30 19 28 10 33 14 17 0 0 0 0
40
15 36 13 16 29 34 20 21 37 19 28 14 3 39 8 4 24 25 18 7 26 9 27 1 38 32 11 31 2 33 17 30 5 6 12 35 22 10 23 40 0 0 0
3
8 4 17
17
6 8 10 4 11 2 3 5 13 12 0 1 9 16 14 15 0 7 0 17 0 0 0 0 0 0 0 0 0 0 0 0 0 0 0 0 0 0
25
10 19 9 16 11 20 3 13 25 15 22 1 21 5 8 18 6 14 2 12 23 7 17 24 4 0 0 0 0 0 0 0 0 0 0 0 0 0 0 0 0 0 0 0 0 0
10
4 10 3 9 1 5 6 0 0 7 2 0 8 0 0 0 0 0 0 0 0
37
9 10 7 34 33 11 35 38 15 6 3 27 8 20 39 24 4 12 23 5 14 28 29 19 13 30 18 36 2 1 21 31 22 37 32 26 16
10
10 2 1 8 9 3 6 7 0 4 0 0 5 0 0 0 0 0 0 0 0 0 0 0 0 0 0 0 0 0 0 0 0 0 0
6
30 28 17 22 1 2
3
7 1 4
20
17 3 14 2 11 4 5 7 18 13 6 8 9 19 1 12 20 16 15 10
32
15 29 20 31 14 32 25 16 11 42 4 8 10 36 39 30 3 37 18 5 9 19 12 28 21 23 1 26 2 13 35 41
4
8 1 7 2
26
13 9 12 8 1 16 17 2 3 18 10 21 4 25 15 22 20 23 24 14 6 19 11 26 7 5 0 0 0 0 0
8
5 3 23 10 22 8 1 12
43
34 33 11 17 7 19 40 36 23 18 39 1 35 5 9 24 25 47 38 22 2 37 27 29 44 26 42 10 6 8 14 13 16 3 15 43 41 21 49 50 20 28 46
17
6 7 12 4 8 1 5 14 15 17 3 16 11 2 13 0 10 9 0 0 0 0 0 0 0 0 0 0 0 0 0 0 0 0 0
12
16 23 11 10 3 25 15 36 31 4 22 17
38
6 18 23 42 11 20 16 8 22 15 25 1 34 5 10 28 2 37 41 30 26 32 40 7 24 17 43 33 36 13 21 27 35 39 3 4 9 31
18
10 4 2 11 5 9 13 6 8 15 18 14 17 1 16 3 0 7 12 0 0 0 0 0 0 0 0
8
4 1 8 2 3 6 5 0 7 0 0 0
49
32 27 47 4 10 18 29 5 2 51 33 36 16 22 9 49 34 30 21 11 25 43 1 40 39 26 23 28 6 8 42 50 46 20 24 15 19 35 37 38 17 41 44 45 48 7 31 3 12
30
21 33 39 40 41 12 34 25 2 29 7 23 4 22 8 35 30 1 13 15 38 32 17 5 14 18 6 24 3 11
4
4 1 0 2 0 3 0 0 0 0 0 0 0 0 0 0 0 0 0 0 0 0 0 0 0 0 0 0 0
14
15 18 4 24 6 1 10 19 9 2 7 13 17 14
5
5 2 4 3 0 0 1 0 0 0 0 0 0 0 0 0 0 0 0 0 0
33
24 22 14 29 19 2 9 16 17 4 11 31 20 15 5 6 7 1 13 12 10 25 23 26 21 28 27 3 33 8 0 30 18 32 0 0 0 0 0
16
13 25 6 23 20 9 37 10 22 8 27 35 12 29 1 31
4
4 3 0 0 0 1 2 0 0 0 0 0 0 0 0 0 0 0 0
19
12 6 27 29 24 10 18 22 5 16 1 13 15 30 20 25 9 2 19
3
27 2 1
44
1 16 22 9 37 30 6 31 38 25 28 32 15 8 11 39 33 10 2 23 4 19 41 20 21 7 5 12 35 26 34 43 14 17 24 13 29 36 18 3 44 0 40 27 42 0
17
15 5 4 9 14 8 2 11 3 7 12 1 13 18 17 16 6
10
1 7 8 2 10 4 0 9 6 3 0 5 0 0 0 0 0 0 0 0 0 0 0 0 0 0
10
5 7 11 8 12 9 3 1 6 2
41
30 29 23 4 16 14 18 39 12 35 32 10 5 3 7 9 11 33 20 1 21 34 8 36 13 26 37 2 19 6 22 15 24 27 40 28 31 25 41 17 38 0 0 0 0 0 0 0 0
17
8 18 3 5 2 16 10 14 19 15 1 17 22 6 7 20 11
32
4 16 15 9 45 2 24 1 31 10 40 20 28 37 30 3 17 27 26 23 32 36 7 8 44 47 14 39 5 11 19 21
22
17 18 5 22 9 11 15 13 1 3 19 16 7 6 20 4 8 21 12 10 2 14 0 0 0 0 0 0 0 0 0 0 0 0 0 0 0 0 0 0 0 0 0 0 0 0 0 0
11
1 11 3 2 10 9 13 6 4 12 5
20
5 14 10 12 16 4 9 13 19 17 18 2 1 6 7 15 0 8 11 20 3 0 0 0 0 0 0
19
6 17 4 47 2 22 19 33 20 38 44 3 1 42 9 8 25 31 18
26
2 17 20 5 21 9 11 8 23 25 27 24 7 18 30 10 13 22 26 28 4 6 15 16 1 3
28
4 12 19 5 14 13 17 28 1 2 3 18 22 24 6 27 11 25 10 21 16 8 26 9 7 20 23 0 15 0 0 0 0 0 0 0 0 0
34
22 2 27 16 30 12 31 17 13 25 14 34 15 29 32 4 18 35 45 19 28 6 9 21 24 26 10 44 1 3 5 36 38 33
23
7 34 19 22 16 26 13 2 32 33 5 9 20 4 39 6 17 12 37 27 18 35 15
3
1 2 0 3 0 0 0 0 0
3
1 3 2 0 0 0 0 0 0 0 0 0 0 0 0 0 0 0 0 0 0 0 0 0 0 0 0 0
21
2 13 19 4 12 7 1 10 18 11 16 8 20 14 17 9 21 15 6 0 3 5 0 0 0 0 0 0
18
3 4 10 2 11 14 18 6 5 8 1 13 9 15 17 12 7 16 0 0 0 0 0 0 0 0 0 0 0 0 0 0 0
24
14 13 20 2 9 6 3 12 25 15 19 7 18 11 24 23 4 17 21 22 1 5 16 8
10
19 17 16 22 2 23 10 1 11 24
3
0 1 2 3 0 0 0 0 0 0 0 0 0 0 0 0
27
19 3 13 12 22 21 20 5 15 16 14 17 7 27 4 9 2 18 10 25 11 26 1 8 23 6 24 0 0 0 0 0 0 0 0
11
5 2 4 8 7 1 9 3 6 11 0 10 0 0 0 0 0 0 0 0 0 0 0 0 0 0 0 0 0 0 0 0 0 0 0 0
27
12 14 5 25 22 24 16 13 6 27 1 3 20 19 17 23 11 9 28 29 15 8 18 7 4 26 21
20
19 8 10 12 16 14 6 5 1 3 9 18 7 2 15 11 20 13 4 17 0 0 0 0 0 0 0 0 0 0 0 0 0 0 0 0 0 0 0 0 0 0 0 0 0 0 0 0 0
15
5 8 2 7 3 15 14 11 13 12 6 1 10 4 9 0 0 0 0 0 0 0 0 0 0 0 0 0 0 0 0 0 0 0 0 0 0 0 0 0 0 0 0 0 0 0 0
14
13 8 10 6 2 3 5 1 9 4 11 12 7 14 0 0 0 0 0 0 0 0 0 0 0 0 0 0 0 0 0 0 0 0 0 0 0 0 0 0 0 0 0 0
5
3 0 1 2 0 5 4 0 0 0 0 0 0 0 0 0 0 0 0 0 0 0 0 0 0 0
27
8 13 24 14 23 1 22 26 10 11 15 16 21 3 6 19 29 2 18 9 7 4 27 17 12 20 25
44
4 5 38 8 35 13 3 26 24 30 33 39 41 15 9 1 42 47 34 25 16 32 20 2 21 28 23 44 7 45 36 18 14 40 31 17 37 46 22 48 10 12 19 43
5
7 15 22 4 21
2
0 1 0 2
2
1 0 0 2 0 0 0 0
6
1 4 2 6 3 5 0 0 0 0 0 0 0 0 0 0 0 0 0 0 0 0 0 0 0 0
33
19 32 12 22 10 6 13 5 25 14 9 18 15 21 20 31 29 8 16 11 26 28 1 33 24 7 27 23 17 30 2 3 0 4 0 0 0
5
1 6 10 47 22
14
11 4 6 10 5 7 8 9 3 2 14 12 0 1 13 0 0 0 0 0 0 0 0 0
29
1 13 8 14 5 28 18 29 3 26 7 23 27 17 19 9 12 38 6 22 25 4 21 30 20 10 2 31 15
5
32 2 3 10 8
30
20 18 17 12 14 29 3 19 9 23 10 4 2 11 13 21 16 8 22 1 15 27 28 6 5 7 24 25 26 0 30 0 0 0 0 0 0 0 0 0 0 0 0 0 0 0 0 0 0 0 0
15
17 15 32 27 40 29 3 13 5 24 45 42 26 23 16
14
6 27 8 15 20 12 17 26 18 19 29 4 24 25
13
13 4 5 1 8 6 9 7 2 3 11 12 0 10 0 0 0 0 0 0 0 0 0 0 0 0 0
20
6 8 2 14 15 11 3 19 1 10 5 4 16 17 12 9 18 7 20 13 0 0 0
16
5 3 6 2 14 8 11 13 9 4 1 7 10 12 15 16 0 0 0 0 0 0 0 0 0 0 0 0
13
4 2 6 12 1 33 7 23 5 11 9 38 19
19
14 6 17 8 16 5 4 15 11 19 7 13 3 9 12 2 18 1 0 0 10 0 0 0 0 0 0 0 0 0 0 0 0 0 0 0 0 0 0 0 0 0 0 0 0 0
39
3 37 33 38 35 14 29 39 30 34 31 23 1 6 36 18 10 28 21 12 4 5 19 9 11 17 24 7 25 26 15 2 32 16 20 27 8 13 0 22 0 0 0
19
34 13 19 23 28 7 25 18 1 3 6 20 9 2 27 32 31 40 12
33
1 39 15 12 32 6 14 17 41 3 19 34 16 2 24 31 33 28 7 43 26 36 11 22 25 20 13 37 27 29 23 40 44
36
12 13 21 43 24 20 1 5 9 25 18 19 42 34 41 4 3 14 36 40 47 15 16 33 50 28 2 11 31 26 8 27 46 48 49 10
2
2 1
26
1 31 7 9 27 4 18 3 30 10 16 12 20 8 2 14 22 26 13 21 15 5 29 17 32 19
33
8 1 15 6 13 5 17 19 12 7 2 10 16 24 11 21 31 14 3 20 28 18 27 23 30 33 25 26 29 32 4 0 22 0 9
18
7 17 10 6 11 2 13 5 14 18 16 9 3 12 15 4 8 1 0 0 0 0 0 0 0 0 0 0 0 0 0 0 0 0 0 0 0 0 0 0 0 0 0 0 0
40
1 29 19 2 25 12 4 39 13 24 23 37 28 32 6 14 9 17 21 15 5 27 3 36 18 8 38 22 7 20 10 30 35 26 40 34 11 33 31 0 0 0 16 0 0 0 0 0 0 0 0
20
8 16 7 2 1 6 12 17 18 10 20 9 4 15 11 13 19 3 5 14 0 0 0 0 0 0 0 0 0 0 0 0 0 0 0 0 0 0 0 0 0 0 0 0 0 0 0 0
13
4 8 2 7 10 1 12 13 11 6 5 3 9 0 0 0 0 0 0 0 0
33
16 41 36 17 27 6 7 3 35 11 18 20 24 40 2 10 4 39 5 38 9 42 12 23 21 1 37 43 8 33 22 26 32
34
31 27 19 15 34 21 14 35 25 1 24 16 39 28 11 20 6 37 4 5 7 26 32 13 36 9 8 33 10 29 30 17 38 2
4
2 6 3 1
13
2 8 10 16 11 19 1 15 3 4 12 5 9
29
28 6 21 23 18 8 16 4 1 12 2 17 3 15 7 25 9 13 24 20 29 10 27 22 5 14 26 19 11 0 0 0 0 0 0 0 0 0 0 0 0 0 0 0 0 0 0 0 0 0
28
22 8 9 1 5 10 17 6 12 14 16 2 7 18 11 15 20 3 23 4 13 27 26 19 21 0 24 25 28 0 0
22
21 4 7 12 22 17 6 16 9 18 14 1 11 13 8 19 10 3 15 20 5 2 0 0 0 0 0 0 0 0 0 0 0 0
27
13 2 5 12 4 23 17 26 24 6 8 15 3 21 1 19 18 10 11 9 22 25 27 20 14 7 0 0 16 0 0 0 0 0 0 0
4
7 6 1 5
